// Jest Snapshot v1, https://goo.gl/fbAQLP

exports[`renders without crashing 1`] = `
<div
  className="open-search"
>
  <a
    id="addBook"
    onClick={[Function]}
  >
    Add a book
  </a>
</div>
`;
