// Jest Snapshot v1, https://goo.gl/fbAQLP

exports[`rendered correctly 1`] = `
<span>
  Ol√° teste
</span>
`;

exports[`rendered correctly without children 1`] = `undefined`;
