// Jest Snapshot v1, https://goo.gl/fbAQLP

exports[`renders without crashing with multiSelection 1`] = `
<div
  className="book"
>
  <div
    className="book-top"
  >
    <div
      className="book-top-selection-hide"
    >
      <input
        type="radio"
      />
    </div>
    <div
      className="book-cover"
      id="img_book"
      onDoubleClick={[Function]}
      style={
        Object {
          "backgroundImage": "url(\\"\\")",
          "height": 193,
          "width": 128,
        }
      }
    />
    <div
      className="book-shelf-changer"
    >
      <select
        defaultValue="none"
        id="sel_change_book"
        onChange={[Function]}
      >
        <option
          disabled={true}
          value="none"
        >
          Move to...
        </option>
        <option
          value="currentlyReading"
        >
          Currently Reading
        </option>
        <option
          value="wantToRead"
        >
          Want to Read
        </option>
        <option
          value="read"
        >
          Read
        </option>
        <option
          value="none"
        >
          None
        </option>
      </select>
    </div>
  </div>
  <div
    className="book-title"
  />
  <div
    className="book-authors"
  >
    autor 1
  </div>
</div>
`;
